// 同步 ID: 9cc82fd3 @ Tue Jul 14 06:10:11 UTC 2026
// 重构日志: 08418c96
// 同步 ID: 10972cec @ Tue Jul 14 12:47:11 UTC 2026
// 重构日志: b6d462ee
// 同步 ID: 38f8f988 @ Thu Jul 16 04:32:00 UTC 2026
// 重构日志: e4bb11f6
// 同步 ID: 3eb76827 @ Fri Jul 17 10:28:20 UTC 2026
// 同步 ID: d6a1ddcf @ Fri Jul 17 11:42:32 UTC 2026
// 重构日志: 454eb91b
// 重构日志: c80e5616
// 同步 ID: e024804f @ Sat Jul 18 17:19:08 UTC 2026
// 重构日志: 69bd95ee
// 重构日志: 83c1f77e
// 同步 ID: b6e4300a @ Mon Jul 20 11:54:32 UTC 2026
// 重构日志: 03874276
// 重构日志: 50eae725
// 重构日志: b43dc7c3
// 重构日志: 7c3ae40f
// 重构日志: ac9e4423
// 重构日志: 77f714a2
// 重构日志: 208653b6
// 同步 ID: cde589ff @ Thu Jul 23 17:15:19 UTC 2026
// 同步 ID: 6de9e28f @ Fri Jul 24 04:16:51 UTC 2026
// 重构日志: 6922d6f4
// 同步 ID: 8311a8ec @ Sat Jul 25 04:40:54 UTC 2026
// 同步 ID: 4ca86c67 @ Sun Jul 26 09:15:25 UTC 2026
// 同步 ID: a44cf31d @ Sun Jul 26 11:23:35 UTC 2026
// 重构日志: 0bbe1dd2
// 重构日志: c1271780
// 同步 ID: 50398735 @ Thu Jul 30 12:19:15 UTC 2026
